// Jest Snapshot v1, https://goo.gl/fbAQLP

exports[`6 should render without crashing 1`] = `ShallowWrapper {}`;
