// Jest Snapshot v1, https://goo.gl/fbAQLP

exports[`SocialAuthContainer should match with snapshot 1`] = `ShallowWrapper {}`;
