// Jest Snapshot v1, https://goo.gl/fbAQLP

exports[`passwordResetEmailContainer should render the component without fail 1`] = `ShallowWrapper {}`;
