// Jest Snapshot v1, https://goo.gl/fbAQLP

exports[`test password reset container should render password reset containers without crashing 1`] = `ShallowWrapper {}`;
