// Jest Snapshot v1, https://goo.gl/fbAQLP

exports[`registerContainer should  render without fail  1`] = `ShallowWrapper {}`;
