// Jest Snapshot v1, https://goo.gl/fbAQLP

exports[`test for comments should  1`] = `ShallowWrapper {}`;

exports[`test for comments should render without crashing 1`] = `ShallowWrapper {}`;
