// Jest Snapshot v1, https://goo.gl/fbAQLP

exports[`editprofile component success tests should render without crushing 1`] = `ShallowWrapper {}`;
