// Jest Snapshot v1, https://goo.gl/fbAQLP

exports[`login modal fail tests should render without crashing 1`] = `ShallowWrapper {}`;

exports[`login modal success tests should render without crashing 1`] = `ShallowWrapper {}`;
