// Jest Snapshot v1, https://goo.gl/fbAQLP

exports[`passwordComponent should display password reset errors  1`] = `ShallowWrapper {}`;

exports[`passwordComponent should render properly 1`] = `ShallowWrapper {}`;

exports[`passwordComponent should show loaders  1`] = `ShallowWrapper {}`;
