// Jest Snapshot v1, https://goo.gl/fbAQLP

exports[`profile page tests should render without crushing 1`] = `ShallowWrapper {}`;
