// Jest Snapshot v1, https://goo.gl/fbAQLP

exports[`login component should render with fail 1`] = `ShallowWrapper {}`;
