// Jest Snapshot v1, https://goo.gl/fbAQLP

exports[`test for sidebar  component should render without crashing 1`] = `ShallowWrapper {}`;
