// Jest Snapshot v1, https://goo.gl/fbAQLP

exports[`Component for getting single Articles should receive props 1`] = `ShallowWrapper {}`;
