// Jest Snapshot v1, https://goo.gl/fbAQLP

exports[`user article tests should not regress 1`] = `ReactWrapper {}`;
